C51 COMPILER V9.51   MAIN                                                                  06/01/2025 17:33:09 PAGE 1   


C51 COMPILER V9.51, COMPILATION OF MODULE MAIN
OBJECT MODULE PLACED IN .\DP8051\DP8051_Keil_951\Debug\main.obj
COMPILER INVOKED BY: C:\Program Files (x86)\Cypress\PSoC Creator\4.4\PSoC Creator\import\keil\pk51\9.51\C51\BIN\c51.exe 
                    -main.c NOIV LARGE MODDP2 OMF2 VB(1) NOIP INCDIR(.,Generated_Source\PSoC3) FF(3) DB DF(DEBUG) WL(2) PR(.\DP8051\DP8051_Ke
                    -il_951\Debug/main.lst) CD OT(2,SIZE) OJ(.\DP8051\DP8051_Keil_951\Debug\main.obj)

line level    source

   1          /* ========================================
   2           *
   3           * Copyright YOUR COMPANY, THE YEAR
   4           * All Rights Reserved
   5           * UNPUBLISHED, LICENSED SOFTWARE.
   6           *
   7           * CONFIDENTIAL AND PROPRIETARY INFORMATION
   8           * WHICH IS THE PROPERTY OF your company.
   9           *
  10           * ========================================
  11          */
  12          #include "project.h"
  13          
  14          CY_ISR( Pin_SW2_Handler )
  15          {
  16   1          Pin_RED_Write( ~ Pin_RED_Read() );
  17   1          Pin_SW2_ClearInterrupt();
  18   1          
  19   1      }
  20          
  21          int main(void)
  22          {
  23   1          CyGlobalIntEnable; /* Enable global interrupts. */
  24   1      
  25   1          Pin_SW2_Int_StartEx( Pin_SW2_Handler );
  26   1          /* Place your initialization/startup code here (e.g. MyInst_Start()) */
  27   1      
  28   1          for(;;)
  29   1          {
  30   2              /* No code  */
  31   2              
  32   2              
  33   2          }
  34   1      }
  35          
  36          /* [] END OF FILE */
C51 COMPILER V9.51   MAIN                                                                  06/01/2025 17:33:09 PAGE 2   

ASSEMBLY LISTING OF GENERATED OBJECT CODE


             ; FUNCTION Pin_SW2_Handler (BEGIN)
0000 C0E0              PUSH    ACC
0002 C0F0              PUSH    B
0004 C083              PUSH    DPH
0006 C082              PUSH    DPL
0008 C085              PUSH    DPH1
000A C084              PUSH    DPL1
000C C086              PUSH    DPS
000E 758600            MOV     DPS,#00H
0011 C000        E     PUSH    ?C?XPAGE1SFR
0013 750000      E     MOV     ?C?XPAGE1SFR,#?C?XPAGE1RST
0016 C0D0              PUSH    PSW
0018 75D000            MOV     PSW,#00H
001B C000              PUSH    AR0
001D C001              PUSH    AR1
001F C002              PUSH    AR2
0021 C003              PUSH    AR3
0023 C004              PUSH    AR4
0025 C005              PUSH    AR5
0027 C006              PUSH    AR6
0029 C007              PUSH    AR7
                                           ; SOURCE LINE # 14
                                           ; SOURCE LINE # 16
002B 120000      E     LCALL   Pin_RED_Read
002E EF                MOV     A,R7
002F F4                CPL     A
0030 FF                MOV     R7,A
0031 120000      E     LCALL   _Pin_RED_Write
                                           ; SOURCE LINE # 17
0034 120000      E     LCALL   Pin_SW2_ClearInterrupt
                                           ; SOURCE LINE # 19
0037 D007              POP     AR7
0039 D006              POP     AR6
003B D005              POP     AR5
003D D004              POP     AR4
003F D003              POP     AR3
0041 D002              POP     AR2
0043 D001              POP     AR1
0045 D000              POP     AR0
0047 D0D0              POP     PSW
0049 D000        E     POP     ?C?XPAGE1SFR
004B D086              POP     DPS
004D D084              POP     DPL1
004F D085              POP     DPH1
0051 D082              POP     DPL
0053 D083              POP     DPH
0055 D0F0              POP     B
0057 D0E0              POP     ACC
0059 32                RETI    
             ; FUNCTION Pin_SW2_Handler (END)

             ; FUNCTION main (BEGIN)
                                           ; SOURCE LINE # 21
                                           ; SOURCE LINE # 22
                                           ; SOURCE LINE # 23
0000 D2AF              SETB    EA
0002 9044F4            MOV     DPTR,#044F4H
0005 74FD              MOV     A,#0FDH
0007 F0                MOVX    @DPTR,A
C51 COMPILER V9.51   MAIN                                                                  06/01/2025 17:33:09 PAGE 3   

                                           ; SOURCE LINE # 25
0008 7E00        R     MOV     R6,#HIGH Pin_SW2_Handler
000A 7F00        R     MOV     R7,#LOW Pin_SW2_Handler
000C 120000      E     LCALL   _Pin_SW2_Int_StartEx
                                           ; SOURCE LINE # 28
000F         ?C0002:
                                           ; SOURCE LINE # 29
                                           ; SOURCE LINE # 33
000F 80FE              SJMP    ?C0002
0011 22                RET     
             ; FUNCTION main (END)



MODULE INFORMATION:   STATIC OVERLAYABLE
   CODE SIZE        =    108    ----
   CONSTANT SIZE    =   ----    ----
   XDATA SIZE       =   ----    ----
   PDATA SIZE       =   ----    ----
   DATA SIZE        =   ----    ----
   IDATA SIZE       =   ----    ----
   BIT SIZE         =   ----    ----
   EDATA SIZE       =   ----    ----
   HDATA SIZE       =   ----    ----
   XDATA CONST SIZE =   ----    ----
   FAR CONST SIZE   =   ----    ----
END OF MODULE INFORMATION.


C51 COMPILATION COMPLETE.  0 WARNING(S),  0 ERROR(S)
